---
source: src/tui/render.rs
assertion_line: 6846
expression: "render_tui_style_runs(&session, &Mode::Normal, 80, 12)"
---
y=00 x=00..79 fg=Some(Rgb(240, 246, 252)) bg=Some(Reset) add=NONE sub=NONE text="┌files─────────────────────────────────┐┌diff──────────────────────────────────┐"
y=01 x=00..00 fg=Some(Rgb(240, 246, 252)) bg=Some(Reset) add=NONE sub=NONE text="│"
y=01 x=01..01 fg=Some(Rgb(63, 185, 80)) bg=Some(Reset) add=NONE sub=NONE text="•"
y=01 x=02..04 fg=Some(Rgb(240, 246, 252)) bg=Some(Reset) add=NONE sub=NONE text=" ▾ "
y=01 x=05..07 fg=Some(Rgb(210, 153, 34)) bg=Some(Reset) add=BOLD sub=NONE text="src"
y=01 x=08..11 fg=Some(Rgb(127, 132, 138)) bg=Some(Reset) add=NONE sub=NONE text=" 0/1"
y=01 x=12..40 fg=Some(Rgb(240, 246, 252)) bg=Some(Reset) add=NONE sub=NONE text="                           ││"
y=01 x=41..57 fg=Some(Rgb(210, 153, 34)) bg=Some(Reset) add=BOLD sub=NONE text="src/app.rs  +1 -1"
y=01 x=58..79 fg=Some(Rgb(240, 246, 252)) bg=Some(Reset) add=NONE sub=NONE text="                     │"
y=02 x=00..00 fg=Some(Rgb(240, 246, 252)) bg=Some(Reset) add=NONE sub=NONE text="│"
y=02 x=01..02 fg=Some(Rgb(240, 246, 252)) bg=Some(Rgb(56, 47, 25)) add=BOLD sub=NONE text="  "
y=02 x=03..03 fg=Some(Rgb(63, 185, 80)) bg=Some(Rgb(56, 47, 25)) add=BOLD sub=NONE text="•"
y=02 x=04..04 fg=Some(Rgb(240, 246, 252)) bg=Some(Rgb(56, 47, 25)) add=BOLD sub=NONE text=" "
y=02 x=05..07 fg=Some(Rgb(88, 166, 255)) bg=Some(Rgb(56, 47, 25)) add=BOLD sub=NONE text="mod"
y=02 x=08..08 fg=Some(Rgb(240, 246, 252)) bg=Some(Rgb(56, 47, 25)) add=BOLD sub=NONE text=" "
y=02 x=09..12 fg=Some(Rgb(165, 125, 168)) bg=Some(Rgb(56, 47, 25)) add=BOLD sub=NONE text="    "
y=02 x=13..38 fg=Some(Rgb(240, 246, 252)) bg=Some(Rgb(56, 47, 25)) add=BOLD sub=NONE text="app.rs                    "
y=02 x=39..40 fg=Some(Rgb(240, 246, 252)) bg=Some(Reset) add=NONE sub=NONE text="││"
y=02 x=41..55 fg=Some(Rgb(88, 166, 255)) bg=Some(Reset) add=BOLD sub=NONE text="@@ -1,4 +1,4 @@"
y=02 x=56..79 fg=Some(Rgb(240, 246, 252)) bg=Some(Reset) add=NONE sub=NONE text="                       │"
y=03 x=00..40 fg=Some(Rgb(240, 246, 252)) bg=Some(Reset) add=NONE sub=NONE text="│                                      ││"
y=03 x=41..41 fg=Some(Rgb(210, 153, 34)) bg=Some(Reset) add=NONE sub=NONE text=" "
y=03 x=42..45 fg=Some(Rgb(127, 132, 138)) bg=Some(Reset) add=NONE sub=NONE text="   1"
y=03 x=46..46 fg=Some(Rgb(240, 246, 252)) bg=Some(Reset) add=NONE sub=NONE text=" "
y=03 x=47..59 fg=Some(Rgb(167, 173, 179)) bg=Some(Reset) add=NONE sub=NONE text="  fn main() {"
y=03 x=60..79 fg=Some(Rgb(240, 246, 252)) bg=Some(Reset) add=NONE sub=NONE text="                   │"
y=04 x=00..40 fg=Some(Rgb(240, 246, 252)) bg=Some(Reset) add=NONE sub=NONE text="│                                      ││"
y=04 x=41..41 fg=Some(Rgb(248, 81, 73)) bg=Some(Reset) add=NONE sub=NONE text="▎"
y=04 x=42..45 fg=Some(Rgb(127, 132, 138)) bg=Some(Reset) add=NONE sub=NONE text="   2"
y=04 x=46..46 fg=Some(Rgb(240, 246, 252)) bg=Some(Reset) add=NONE sub=NONE text=" "
y=04 x=47..64 fg=Some(Rgb(248, 81, 73)) bg=Some(Rgb(48, 27, 31)) add=NONE sub=NONE text="-     let count = "
y=04 x=65..65 fg=Some(Rgb(248, 81, 73)) bg=Some(Rgb(58, 30, 33)) add=BOLD sub=NONE text="1"
y=04 x=66..66 fg=Some(Rgb(248, 81, 73)) bg=Some(Rgb(48, 27, 31)) add=NONE sub=NONE text=";"
y=04 x=67..79 fg=Some(Rgb(240, 246, 252)) bg=Some(Reset) add=NONE sub=NONE text="            │"
y=05 x=00..40 fg=Some(Rgb(240, 246, 252)) bg=Some(Reset) add=NONE sub=NONE text="│                                      ││"
y=05 x=41..41 fg=Some(Rgb(63, 185, 80)) bg=Some(Reset) add=NONE sub=NONE text="▎"
y=05 x=42..45 fg=Some(Rgb(127, 132, 138)) bg=Some(Reset) add=NONE sub=NONE text="   2"
y=05 x=46..46 fg=Some(Rgb(240, 246, 252)) bg=Some(Reset) add=NONE sub=NONE text=" "
y=05 x=47..64 fg=Some(Rgb(63, 185, 80)) bg=Some(Rgb(21, 42, 32)) add=NONE sub=NONE text="+     let count = "
y=05 x=65..65 fg=Some(Rgb(63, 185, 80)) bg=Some(Rgb(27, 65, 40)) add=BOLD sub=NONE text="2"
y=05 x=66..66 fg=Some(Rgb(63, 185, 80)) bg=Some(Rgb(21, 42, 32)) add=NONE sub=NONE text=";"
y=05 x=67..79 fg=Some(Rgb(240, 246, 252)) bg=Some(Reset) add=NONE sub=NONE text="            │"
y=06 x=00..40 fg=Some(Rgb(240, 246, 252)) bg=Some(Reset) add=NONE sub=NONE text="│                                      ││"
y=06 x=41..41 fg=Some(Rgb(210, 153, 34)) bg=Some(Reset) add=NONE sub=NONE text=" "
y=06 x=42..45 fg=Some(Rgb(127, 132, 138)) bg=Some(Reset) add=NONE sub=NONE text="   3"
y=06 x=46..46 fg=Some(Rgb(240, 246, 252)) bg=Some(Reset) add=NONE sub=NONE text=" "
y=06 x=47..49 fg=Some(Rgb(167, 173, 179)) bg=Some(Reset) add=NONE sub=NONE text="  }"
y=06 x=50..79 fg=Some(Rgb(240, 246, 252)) bg=Some(Reset) add=NONE sub=NONE text="                             │"
y=07 x=00..79 fg=Some(Rgb(240, 246, 252)) bg=Some(Reset) add=NONE sub=NONE text="│                                      ││                                      │"
y=08 x=00..79 fg=Some(Rgb(240, 246, 252)) bg=Some(Reset) add=NONE sub=NONE text="│                                      ││                                      │"
y=09 x=00..79 fg=Some(Rgb(240, 246, 252)) bg=Some(Reset) add=NONE sub=NONE text="└──────────────────────────────────────┘└──────────────────────────────────────┘"
y=10 x=00..79 fg=Some(Rgb(127, 132, 138)) bg=Some(Reset) add=NONE sub=NONE text="1 files (0/1 viewed, 0 generated/noisy), +1/-1, 0 comments · following @        "
y=11 x=00..79 fg=Some(Rgb(127, 132, 138)) bg=Some(Reset) add=NONE sub=NONE text="trunk()..@ · focus files · j/k move · space fold · f filter · / search · n/N unv"
