---
source: src/tui/render.rs
assertion_line: 5125
expression: "render_tui_text_with_zen(&session, &Mode::Normal, Some(&zen), 100, 18)"
---

         At a glance
         1 curated · 0 files not toured

         curated
         › • tests/app.rs:1-1
             test churn  · mechanical rename in tests

         not toured — 0 files

         j/k select · enter dives to location · esc ends tour





2 files (0/2 viewed, 0 generated/noisy), +3/-2, 0 comments · following @
zen glance · 1 item(s) · j/k move · enter jump · a mark all viewed & finish · p back · esc end
