---
source: src/tui/render.rs
assertion_line: 7789
expression: "render_tui_style_runs(&session,\n&Mode::ViewOptions(ViewOptionsState::default()), 80, 18)"
---
y=00 x=00..79 fg=Some(Rgb(240, 246, 252)) bg=Some(Reset) add=NONE sub=NONE text="┌files─────────────────────────────────┐┌diff──────────────────────────────────┐"
y=01 x=00..00 fg=Some(Rgb(240, 246, 252)) bg=Some(Reset) add=NONE sub=NONE text="│"
y=01 x=01..01 fg=Some(Rgb(63, 185, 80)) bg=Some(Reset) add=NONE sub=NONE text="•"
y=01 x=02..04 fg=Some(Rgb(240, 246, 252)) bg=Some(Reset) add=NONE sub=NONE text=" ▾ "
y=01 x=05..07 fg=Some(Rgb(210, 153, 34)) bg=Some(Reset) add=BOLD sub=NONE text="src"
y=01 x=08..11 fg=Some(Rgb(127, 132, 138)) bg=Some(Reset) add=NONE sub=NONE text=" 0/1"
y=01 x=12..40 fg=Some(Rgb(240, 246, 252)) bg=Some(Reset) add=NONE sub=NONE text="                           ││"
y=01 x=41..57 fg=Some(Rgb(210, 153, 34)) bg=Some(Reset) add=BOLD sub=NONE text="src/app.rs  +1 -1"
y=01 x=58..79 fg=Some(Rgb(240, 246, 252)) bg=Some(Reset) add=NONE sub=NONE text="                     │"
y=02 x=00..00 fg=Some(Rgb(240, 246, 252)) bg=Some(Reset) add=NONE sub=NONE text="│"
y=02 x=01..02 fg=Some(Rgb(240, 246, 252)) bg=Some(Rgb(56, 47, 25)) add=BOLD sub=NONE text="  "
y=02 x=03..03 fg=Some(Rgb(63, 185, 80)) bg=Some(Rgb(56, 47, 25)) add=BOLD sub=NONE text="•"
y=02 x=04..04 fg=Some(Rgb(240, 246, 252)) bg=Some(Rgb(56, 47, 25)) add=BOLD sub=NONE text=" "
y=02 x=05..07 fg=Some(Rgb(88, 166, 255)) bg=Some(Rgb(56, 47, 25)) add=BOLD sub=NONE text="mod"
y=02 x=08..08 fg=Some(Rgb(240, 246, 252)) bg=Some(Rgb(56, 47, 25)) add=BOLD sub=NONE text=" "
y=02 x=09..12 fg=Some(Rgb(165, 125, 168)) bg=Some(Rgb(56, 47, 25)) add=BOLD sub=NONE text="    "
y=02 x=13..38 fg=Some(Rgb(240, 246, 252)) bg=Some(Rgb(56, 47, 25)) add=BOLD sub=NONE text="app.rs                    "
y=02 x=39..40 fg=Some(Rgb(240, 246, 252)) bg=Some(Reset) add=NONE sub=NONE text="││"
y=02 x=41..55 fg=Some(Rgb(88, 166, 255)) bg=Some(Reset) add=BOLD sub=NONE text="@@ -1,2 +1,2 @@"
y=02 x=56..79 fg=Some(Rgb(240, 246, 252)) bg=Some(Reset) add=NONE sub=NONE text="                       │"
y=03 x=00..79 fg=Some(Rgb(240, 246, 252)) bg=Some(Reset) add=NONE sub=NONE text="│                 ┌view options──────────────────────────────┐                 │"
y=04 x=00..18 fg=Some(Rgb(240, 246, 252)) bg=Some(Reset) add=NONE sub=NONE text="│                 │"
y=04 x=19..49 fg=Some(Rgb(127, 132, 138)) bg=Some(Reset) add=NONE sub=NONE text="Diff visual cues (session only;"
y=04 x=50..79 fg=Some(Rgb(240, 246, 252)) bg=Some(Reset) add=NONE sub=NONE text="           │                 │"
y=05 x=00..18 fg=Some(Rgb(240, 246, 252)) bg=Some(Reset) add=NONE sub=NONE text="│                 │"
y=05 x=19..51 fg=Some(Rgb(127, 132, 138)) bg=Some(Reset) add=NONE sub=NONE text="gander.toml [diff] sets defaults)"
y=05 x=52..79 fg=Some(Rgb(240, 246, 252)) bg=Some(Reset) add=NONE sub=NONE text="         │                 │"
y=06 x=00..79 fg=Some(Rgb(240, 246, 252)) bg=Some(Reset) add=NONE sub=NONE text="│                 │                                          │                 │"
y=07 x=00..18 fg=Some(Rgb(240, 246, 252)) bg=Some(Reset) add=NONE sub=NONE text="│                 │"
y=07 x=19..52 fg=Some(Rgb(210, 153, 34)) bg=Some(Reset) add=BOLD sub=NONE text="› [x] word-level change highlights"
y=07 x=53..79 fg=Some(Rgb(240, 246, 252)) bg=Some(Reset) add=NONE sub=NONE text="        │                 │"
y=08 x=00..18 fg=Some(Rgb(240, 246, 252)) bg=Some(Reset) add=NONE sub=NONE text="│                 │"
y=08 x=19..40 fg=Some(Rgb(167, 173, 179)) bg=Some(Reset) add=NONE sub=NONE text="  [x] line backgrounds"
y=08 x=41..79 fg=Some(Rgb(240, 246, 252)) bg=Some(Reset) add=NONE sub=NONE text="                    │                 │"
y=09 x=00..18 fg=Some(Rgb(240, 246, 252)) bg=Some(Reset) add=NONE sub=NONE text="│                 │"
y=09 x=19..41 fg=Some(Rgb(167, 173, 179)) bg=Some(Reset) add=NONE sub=NONE text="  [ ] gutter change bar"
y=09 x=42..79 fg=Some(Rgb(240, 246, 252)) bg=Some(Reset) add=NONE sub=NONE text="                   │                 │"
y=10 x=00..18 fg=Some(Rgb(240, 246, 252)) bg=Some(Reset) add=NONE sub=NONE text="│                 │"
y=10 x=19..44 fg=Some(Rgb(167, 173, 179)) bg=Some(Reset) add=NONE sub=NONE text="  [x] soft-wrap diff lines"
y=10 x=45..79 fg=Some(Rgb(240, 246, 252)) bg=Some(Reset) add=NONE sub=NONE text="                │                 │"
y=11 x=00..18 fg=Some(Rgb(240, 246, 252)) bg=Some(Reset) add=NONE sub=NONE text="│                 │"
y=11 x=19..33 fg=Some(Rgb(167, 173, 179)) bg=Some(Reset) add=NONE sub=NONE text="  [x] file pane"
y=11 x=34..79 fg=Some(Rgb(240, 246, 252)) bg=Some(Reset) add=NONE sub=NONE text="                           │                 │"
y=12 x=00..18 fg=Some(Rgb(240, 246, 252)) bg=Some(Reset) add=NONE sub=NONE text="│                 │"
y=12 x=19..41 fg=Some(Rgb(167, 173, 179)) bg=Some(Reset) add=NONE sub=NONE text="  [ ] side-by-side view"
y=12 x=42..79 fg=Some(Rgb(240, 246, 252)) bg=Some(Reset) add=NONE sub=NONE text="                   │                 │"
y=13 x=00..79 fg=Some(Rgb(240, 246, 252)) bg=Some(Reset) add=NONE sub=NONE text="│                 │                                          │                 │"
y=14 x=00..79 fg=Some(Rgb(240, 246, 252)) bg=Some(Reset) add=NONE sub=NONE text="│                 └──────────────────────────────────────────┘                 │"
y=15 x=00..79 fg=Some(Rgb(240, 246, 252)) bg=Some(Reset) add=NONE sub=NONE text="└──────────────────────────────────────┘└──────────────────────────────────────┘"
y=16 x=00..79 fg=Some(Rgb(127, 132, 138)) bg=Some(Reset) add=NONE sub=NONE text="1 files (0/1 viewed, 0 generated/noisy), +1/-1, 0 comments · following @        "
y=17 x=00..79 fg=Some(Rgb(127, 132, 138)) bg=Some(Reset) add=NONE sub=NONE text="view options · j/k move · space/enter toggle · esc/q close                      "
