---
source: src/tui/render.rs
assertion_line: 4892
expression: "render_tui_text_with_zen(&session, &Mode::Normal, Some(&zen), 100, 24)"
---

          stop 1/1 · src/app.rs:2-3  ▎●

          core change

              1   fn main() {
              2 -     old();
              2 +     new();
              3 +     extra();╭ startup output · output ─────────────╮
              4   }           │ $ cargo run                          │
          ────────────────────│ new: ready                           │────────────────────
          why this matters    │ extra: ready                         │
          main() now calls new│                                      │l contract is gone,
          so every caller that╰ j/k scroll · esc close ──────────────╯checked.

          e · 1 exhibits






2 files (0/2 viewed, 0 generated/noisy), +3/-2, 0 comments · following @
zen artifact 1/1 · j/k scroll · h/l switch · esc close
