---
source: src/tui/render.rs
assertion_line: 6870
expression: render_theme_probe(transparent)
---
y=00 x=00..35 fg=Some(Rgb(240, 246, 252)) bg=Some(Reset) add=NONE sub=NONE text="                                    "
y=01 x=00..35 fg=Some(Rgb(240, 246, 252)) bg=Some(Reset) add=NONE sub=NONE text="                                    "
y=02 x=00..35 fg=Some(Rgb(240, 246, 252)) bg=Some(Reset) add=NONE sub=NONE text="     ┌ popup title ───────────┐     "
y=03 x=00..35 fg=Some(Rgb(240, 246, 252)) bg=Some(Reset) add=NONE sub=NONE text="     │unstyled text           │     "
y=04 x=00..35 fg=Some(Rgb(240, 246, 252)) bg=Some(Reset) add=NONE sub=NONE text="     │                        │     "
y=05 x=00..35 fg=Some(Rgb(240, 246, 252)) bg=Some(Reset) add=NONE sub=NONE text="     │                        │     "
y=06 x=00..35 fg=Some(Rgb(240, 246, 252)) bg=Some(Reset) add=NONE sub=NONE text="     │                        │     "
y=07 x=00..35 fg=Some(Rgb(240, 246, 252)) bg=Some(Reset) add=NONE sub=NONE text="     └────────────────────────┘     "
y=08 x=00..35 fg=Some(Rgb(240, 246, 252)) bg=Some(Reset) add=NONE sub=NONE text="                                    "
y=09 x=00..35 fg=Some(Rgb(240, 246, 252)) bg=Some(Reset) add=NONE sub=NONE text="                                    "
