---
source: src/tui/render.rs
expression: "style_runs_for_rows(&buffer,\n&[\"onboard comment\", \"delegate comment\", \"collab comment\",\n\"private comment\",],)"
---
onboard comment: "│                            ││"=Style::new().fg(Color::Rgb(230, 237, 243)).bg(Color::Reset).underline_color(Color::Reset) | "│"=Style::new().fg(Color::Rgb(210, 153, 34)).bg(Color::Reset).underline_color(Color::Reset) | "onboard comment"=Style::new().fg(Color::Rgb(210, 153, 34)).bg(Color::Reset).underline_color(Color::Reset).bold() | "                                                   │"=Style::new().fg(Color::Rgb(210, 153, 34)).bg(Color::Reset).underline_color(Color::Reset) | "│"=Style::new().fg(Color::Rgb(230, 237, 243)).bg(Color::Reset).underline_color(Color::Reset)
delegate comment: "│                            ││"=Style::new().fg(Color::Rgb(230, 237, 243)).bg(Color::Reset).underline_color(Color::Reset) | "│"=Style::new().fg(Color::Rgb(231, 113, 55)).bg(Color::Reset).underline_color(Color::Reset) | "delegate comment"=Style::new().fg(Color::Rgb(231, 113, 55)).bg(Color::Reset).underline_color(Color::Reset).bold() | "                                                  │"=Style::new().fg(Color::Rgb(231, 113, 55)).bg(Color::Reset).underline_color(Color::Reset) | "│"=Style::new().fg(Color::Rgb(230, 237, 243)).bg(Color::Reset).underline_color(Color::Reset)
collab comment: "│                            ││"=Style::new().fg(Color::Rgb(230, 237, 243)).bg(Color::Reset).underline_color(Color::Reset) | "│"=Style::new().fg(Color::Rgb(88, 166, 255)).bg(Color::Reset).underline_color(Color::Reset) | "collab comment"=Style::new().fg(Color::Rgb(88, 166, 255)).bg(Color::Reset).underline_color(Color::Reset).bold() | "                                                    │"=Style::new().fg(Color::Rgb(88, 166, 255)).bg(Color::Reset).underline_color(Color::Reset) | "│"=Style::new().fg(Color::Rgb(230, 237, 243)).bg(Color::Reset).underline_color(Color::Reset)
private comment: "│                            ││"=Style::new().fg(Color::Rgb(230, 237, 243)).bg(Color::Reset).underline_color(Color::Reset) | "│"=Style::new().fg(Color::Rgb(122, 127, 133)).bg(Color::Rgb(48, 52, 58)).underline_color(Color::Reset) | "private comment"=Style::new().fg(Color::Rgb(122, 127, 133)).bg(Color::Rgb(48, 52, 58)).underline_color(Color::Reset).bold() | "                                                   │"=Style::new().fg(Color::Rgb(122, 127, 133)).bg(Color::Rgb(48, 52, 58)).underline_color(Color::Reset) | "│"=Style::new().fg(Color::Rgb(230, 237, 243)).bg(Color::Reset).underline_color(Color::Reset)
