---
source: src/tui/render.rs
expression: "render_comment_channel_snapshot(Channel::Onboarding)"
---
┌files────────────────────┐┌diff─────────────────────────────────────────────────────────┐
│• mod     a.txt          ││a.txt  +1 -1                                                 │
│                         ││@@ -1 +1 @@                                                  │
│                         ││    1 - old                                                  │
│                         ││    1 + new                                                  │
│                         ││                                                             │
│             ┌comment → reviewer · unanchored──────────────────────────────┐            │
│             │channel-aware comment                                        │            │
│             │                                                             │            │
│             │                                                             │            │
│             │                                                             │            │
│             │                                                             │            │
│             │                                                             │            │
│             └tab channel · ctrl-s save · esc cancel───────────────────────┘            │
│                         ││                                                             │
│                         ││                                                             │
│                         ││                                                             │
└─────────────────────────┘└─────────────────────────────────────────────────────────────┘
1 files (0/1 viewed, 0 generated/noisy), +1/-1, 0 comments · following @
new comment → reviewer · refresh paused · tab channel · enter newline · ctrl-s save · esc

styles: border=Some(Rgb(210, 153, 34)) title=Some(Rgb(210, 153, 34))
