---
source: src/tui/render.rs
assertion_line: 4915
expression: "render_tui_text_with_zen(&session, &Mode::Normal, Some(&zen), 100, 24)"
---
┌ zen · chapter 1/1 · then 2 at a glance ──────────────────────────────────────────────────────────┐
│▎○                                                                                                │
│                                                                                                  │
│                                                                                                  │
│  ╭ chapter 1/1 · trunk()..@ ──────────────────────────────────────────────────────────────────╮  │
│  │ (no description)                                                                           │  │
│  │                                                                                            │  │
│  │ 3 file(s) · +5 −2                                                                          │  │
│  │ n tours the 1 stop(s) in this chapter                                                      │  │
│  │ uncurated tour — derived from the diff; press @ to summon ACP/agent curation for           │  │
│  │ intent/risk                                                                                │  │
│  │ derived facts                                                                              │  │
│  │   roles: 1 source · 1 tests · 1 config-manifest                                            │  │
│  │   churn: +5 −2 · tests touched                                                             │  │
│  │   top changed symbols: none detected                                                       │  │
│  │ what this change does ─────────────────────────────────────────────────────────────────────│  │
│  │ No agent brief for this change — the facts above are derived from the diff.                │  │
│  ╰────────────────────────────────────────────────────────────────────────────────────────────╯  │
│                                                                                                  │
│                                                                                                  │
│                                                                                                  │
└──────────────────────────────────────────────────────────────────────────────────────────────────┘
3 files (0/3 viewed, 0 generated/noisy), +5/-2, 0 comments · following @
zen chapter 1/1 · n tours its 1 stop(s) · p back · tab full diff · g glance · esc end
