---
source: src/tui/render.rs
expression: "format!(\"gutter styles: {colors}\\n{}\",\nrender_tui_text(&session, &Mode::Normal, 100, 36))"
---
gutter styles: onboarding=Some(Rgb(210, 153, 34)) · delegation=Some(Rgb(231, 113, 55)) · collaboration=Some(Rgb(88, 166, 255)) · note=Some(Rgb(122, 127, 133))
┌files───────────────────────┐┌diff────────────────────────────────────────────────────────────────┐
│• mod     a.txt             ││a.txt  +4 -1                                                        │
│                            ││@@ -1 +1,4 @@                                                       │
│                            ││    1 - old                                                         │
│                            ││1   1 + onboarding                                                  │
│                            ││╭──────────────────────────────────────────────────────────────────╮│
│                            │││human:local  [→ reviewer]  [draft]                                ││
│                            │││onboard comment                                                   ││
│                            │││@ a.txt:1                                                         ││
│                            ││╰──────────────────────────────────────────────────────────────────╯│
│                            ││1   2 + delegation                                                  │
│                            ││╭──────────────────────────────────────────────────────────────────╮│
│                            │││human:local  [→ agent]  [draft]                                   ││
│                            │││delegate comment                                                  ││
│                            │││@ a.txt:2                                                         ││
│                            ││╰──────────────────────────────────────────────────────────────────╯│
│                            ││1   3 + collaboration                                               │
│                            ││╭──────────────────────────────────────────────────────────────────╮│
│                            │││human:local  [→ team]  [draft]                                    ││
│                            │││collab comment                                                    ││
│                            │││@ a.txt:3                                                         ││
│                            ││╰──────────────────────────────────────────────────────────────────╯│
│                            ││1   4 + note                                                        │
│                            ││╭──────────────────────────────────────────────────────────────────╮│
│                            │││human:local  [→ note]  [draft]                                    ││
│                            │││private comment                                                   ││
│                            │││@ a.txt:4                                                         ││
│                            ││╰──────────────────────────────────────────────────────────────────╯│
│                            ││                                                                    │
│                            ││                                                                    │
│                            ││                                                                    │
│                            ││                                                                    │
│                            ││                                                                    │
└────────────────────────────┘└────────────────────────────────────────────────────────────────────┘
1 files (0/1 viewed, 0 generated/noisy), +4/-1, 4 comments · following @
trunk()..@ · focus diff (wrap) · j/k line · d/u scroll · V view/wrap · r range · Y walkthrough · c c
