---
source: src/tui/render.rs
assertion_line: 934
expression: "render_tui_text(&session, &mode, 100, 24)"
---
┌files─────────────────────────────────────┐┌diff──────────────────────────────────────────────────┐
│No changed files                          ││No changed files                                      │
│                                          ││                                                      │
│Try t for trunk, p for parent, b for      ││Current target: trunk()..@                            │
│target ┌target────────────────────────────────────────────────────────────────────────────┐       │
│--base/│Choose base for def456..@ (tab toggles base/tip)                                  │r, or  │
│       │filter: type to fuzzy match                                                       │       │
│       │   change id      bookmarks                 description                           │re     │
│       │  T@ abc123       main                      feat: first change                    │       │
│       │›B   def456       feature*                  fix: selected change                  │       │
│       │                                                                                  │       │
│       │type fuzzy filter · tab base/tip · ↑/↓ or ctrl-j/ctrl-k move · enter use selected │       │
│       │· esc cancel                                                                      │       │
│       │                                                                                  │       │
│       │                                                                                  │       │
│       │                                                                                  │       │
│       │                                                                                  │       │
│       │                                                                                  │       │
│       │                                                                                  │       │
│       └──────────────────────────────────────────────────────────────────────────────────┘       │
│                                          ││                                                      │
└──────────────────────────────────────────┘└──────────────────────────────────────────────────────┘
0 files (0/0 viewed, 0 generated/noisy), +0/-0, 0 comments
choose base/tip · type filter · tab side · down/up move · enter load · esc cancel
