---
source: src/tui/render.rs
expression: opaque_runs
---
y=00 x=00..59 fg=Some(Rgb(230, 237, 243)) bg=Some(Rgb(13, 17, 23)) add=NONE sub=NONE text="┌files─────────────┐┌diff──────────────────────────────────┐"
y=01 x=00..00 fg=Some(Rgb(230, 237, 243)) bg=Some(Rgb(13, 17, 23)) add=NONE sub=NONE text="│"
y=01 x=01..01 fg=Some(Rgb(63, 185, 80)) bg=Some(Rgb(13, 17, 23)) add=NONE sub=NONE text="•"
y=01 x=02..04 fg=Some(Rgb(230, 237, 243)) bg=Some(Rgb(13, 17, 23)) add=NONE sub=NONE text=" ▾ "
y=01 x=05..07 fg=Some(Rgb(210, 153, 34)) bg=Some(Rgb(13, 17, 23)) add=BOLD sub=NONE text="src"
y=01 x=08..11 fg=Some(Rgb(122, 127, 133)) bg=Some(Rgb(13, 17, 23)) add=NONE sub=NONE text=" 0/1"
y=01 x=12..20 fg=Some(Rgb(230, 237, 243)) bg=Some(Rgb(13, 17, 23)) add=NONE sub=NONE text="       ││"
y=01 x=21..37 fg=Some(Rgb(210, 153, 34)) bg=Some(Rgb(13, 17, 23)) add=BOLD sub=NONE text="src/app.rs  +1 -1"
y=01 x=38..59 fg=Some(Rgb(230, 237, 243)) bg=Some(Rgb(13, 17, 23)) add=NONE sub=NONE text="                     │"
y=02 x=00..00 fg=Some(Rgb(230, 237, 243)) bg=Some(Rgb(13, 17, 23)) add=NONE sub=NONE text="│"
y=02 x=01..02 fg=Some(Rgb(230, 237, 243)) bg=Some(Rgb(48, 52, 58)) add=BOLD sub=NONE text="  "
y=02 x=03..59 fg=Some(Rgb(230, 237, 243)) bg=Some(Rgb(13, 17, 23)) add=NONE sub=NONE text="┌help────────────────────────────────────────────────┐  │"
y=03 x=00..03 fg=Some(Rgb(230, 237, 243)) bg=Some(Rgb(13, 17, 23)) add=NONE sub=NONE text="│  │"
y=03 x=04..20 fg=Some(Rgb(210, 153, 34)) bg=Some(Rgb(13, 17, 23)) add=BOLD sub=NONE text="first review loop"
y=03 x=21..29 fg=Some(Rgb(230, 237, 243)) bg=Some(Rgb(13, 17, 23)) add=NONE sub=NONE text="         "
y=03 x=30..44 fg=Some(Rgb(210, 153, 34)) bg=Some(Rgb(13, 17, 23)) add=BOLD sub=NONE text="attention views"
y=03 x=45..59 fg=Some(Rgb(230, 237, 243)) bg=Some(Rgb(13, 17, 23)) add=NONE sub=NONE text="           │  │"
y=04 x=00..03 fg=Some(Rgb(230, 237, 243)) bg=Some(Rgb(13, 17, 23)) add=NONE sub=NONE text="│  │"
y=04 x=04..17 fg=Some(Rgb(76, 176, 168)) bg=Some(Rgb(13, 17, 23)) add=NONE sub=NONE text="           /  "
y=04 x=18..28 fg=Some(Rgb(169, 175, 181)) bg=Some(Rgb(13, 17, 23)) add=NONE sub=NONE text="open a file"
y=04 x=29..29 fg=Some(Rgb(230, 237, 243)) bg=Some(Rgb(13, 17, 23)) add=NONE sub=NONE text=" "
y=04 x=30..43 fg=Some(Rgb(76, 176, 168)) bg=Some(Rgb(13, 17, 23)) add=NONE sub=NONE text="           Z  "
y=04 x=44..55 fg=Some(Rgb(169, 175, 181)) bg=Some(Rgb(13, 17, 23)) add=NONE sub=NONE text="toggle Focus"
y=04 x=56..59 fg=Some(Rgb(230, 237, 243)) bg=Some(Rgb(13, 17, 23)) add=NONE sub=NONE text="│  │"
y=05 x=00..03 fg=Some(Rgb(230, 237, 243)) bg=Some(Rgb(13, 17, 23)) add=NONE sub=NONE text="│  │"
y=05 x=04..16 fg=Some(Rgb(169, 175, 181)) bg=Some(Rgb(13, 17, 23)) add=NONE sub=NONE text="or fuzzy jump"
y=05 x=17..29 fg=Some(Rgb(230, 237, 243)) bg=Some(Rgb(13, 17, 23)) add=NONE sub=NONE text="             "
y=05 x=30..35 fg=Some(Rgb(169, 175, 181)) bg=Some(Rgb(13, 17, 23)) add=NONE sub=NONE text="preset"
y=05 x=36..59 fg=Some(Rgb(230, 237, 243)) bg=Some(Rgb(13, 17, 23)) add=NONE sub=NONE text="                    │  │"
y=06 x=00..03 fg=Some(Rgb(230, 237, 243)) bg=Some(Rgb(13, 17, 23)) add=NONE sub=NONE text="│  │"
y=06 x=04..17 fg=Some(Rgb(76, 176, 168)) bg=Some(Rgb(13, 17, 23)) add=NONE sub=NONE text="           n  "
y=06 x=18..21 fg=Some(Rgb(169, 175, 181)) bg=Some(Rgb(13, 17, 23)) add=NONE sub=NONE text="next"
y=06 x=22..29 fg=Some(Rgb(230, 237, 243)) bg=Some(Rgb(13, 17, 23)) add=NONE sub=NONE text="        "
y=06 x=30..43 fg=Some(Rgb(76, 176, 168)) bg=Some(Rgb(13, 17, 23)) add=NONE sub=NONE text="       alt-g  "
y=06 x=44..54 fg=Some(Rgb(169, 175, 181)) bg=Some(Rgb(13, 17, 23)) add=NONE sub=NONE text="open glance"
y=06 x=55..59 fg=Some(Rgb(230, 237, 243)) bg=Some(Rgb(13, 17, 23)) add=NONE sub=NONE text=" │  │"
y=07 x=00..03 fg=Some(Rgb(230, 237, 243)) bg=Some(Rgb(13, 17, 23)) add=NONE sub=NONE text="│  │"
y=07 x=04..16 fg=Some(Rgb(169, 175, 181)) bg=Some(Rgb(13, 17, 23)) add=NONE sub=NONE text="unviewed file"
y=07 x=17..29 fg=Some(Rgb(230, 237, 243)) bg=Some(Rgb(13, 17, 23)) add=NONE sub=NONE text="             "
y=07 x=30..34 fg=Some(Rgb(169, 175, 181)) bg=Some(Rgb(13, 17, 23)) add=NONE sub=NONE text="board"
y=07 x=35..59 fg=Some(Rgb(230, 237, 243)) bg=Some(Rgb(13, 17, 23)) add=NONE sub=NONE text="                     │  │"
y=08 x=00..03 fg=Some(Rgb(230, 237, 243)) bg=Some(Rgb(13, 17, 23)) add=NONE sub=NONE text="│  │"
y=08 x=04..15 fg=Some(Rgb(76, 176, 168)) bg=Some(Rgb(13, 17, 23)) add=NONE sub=NONE text="         ./,"
y=08 x=16..29 fg=Some(Rgb(230, 237, 243)) bg=Some(Rgb(13, 17, 23)) add=NONE sub=NONE text="              "
y=08 x=30..43 fg=Some(Rgb(76, 176, 168)) bg=Some(Rgb(13, 17, 23)) add=NONE sub=NONE text="       space  "
y=08 x=44..47 fg=Some(Rgb(169, 175, 181)) bg=Some(Rgb(13, 17, 23)) add=NONE sub=NONE text="peek"
y=08 x=48..59 fg=Some(Rgb(230, 237, 243)) bg=Some(Rgb(13, 17, 23)) add=NONE sub=NONE text="        │  │"
y=09 x=00..03 fg=Some(Rgb(230, 237, 243)) bg=Some(Rgb(13, 17, 23)) add=NONE sub=NONE text="│  │"
y=09 x=04..26 fg=Some(Rgb(169, 175, 181)) bg=Some(Rgb(13, 17, 23)) add=NONE sub=NONE text="next/previous file from"
y=09 x=27..29 fg=Some(Rgb(230, 237, 243)) bg=Some(Rgb(13, 17, 23)) add=NONE sub=NONE text="   "
y=09 x=30..47 fg=Some(Rgb(169, 175, 181)) bg=Some(Rgb(13, 17, 23)) add=NONE sub=NONE text="selected skim fold"
y=09 x=48..59 fg=Some(Rgb(230, 237, 243)) bg=Some(Rgb(13, 17, 23)) add=NONE sub=NONE text="        │  │"
y=10 x=00..03 fg=Some(Rgb(230, 237, 243)) bg=Some(Rgb(13, 17, 23)) add=NONE sub=NONE text="│  │"
y=10 x=04..14 fg=Some(Rgb(169, 175, 181)) bg=Some(Rgb(13, 17, 23)) add=NONE sub=NONE text="either pane"
y=10 x=15..29 fg=Some(Rgb(230, 237, 243)) bg=Some(Rgb(13, 17, 23)) add=NONE sub=NONE text="               "
y=10 x=30..43 fg=Some(Rgb(76, 176, 168)) bg=Some(Rgb(13, 17, 23)) add=NONE sub=NONE text="           a  "
y=10 x=44..54 fg=Some(Rgb(169, 175, 181)) bg=Some(Rgb(13, 17, 23)) add=NONE sub=NONE text="acknowledge"
y=10 x=55..59 fg=Some(Rgb(230, 237, 243)) bg=Some(Rgb(13, 17, 23)) add=NONE sub=NONE text=" │  │"
y=11 x=00..03 fg=Some(Rgb(230, 237, 243)) bg=Some(Rgb(13, 17, 23)) add=NONE sub=NONE text="│  │"
y=11 x=04..17 fg=Some(Rgb(76, 176, 168)) bg=Some(Rgb(13, 17, 23)) add=NONE sub=NONE text="       enter  "
y=11 x=18..28 fg=Some(Rgb(169, 175, 181)) bg=Some(Rgb(13, 17, 23)) add=NONE sub=NONE text="mark viewed"
y=11 x=29..29 fg=Some(Rgb(230, 237, 243)) bg=Some(Rgb(13, 17, 23)) add=NONE sub=NONE text=" "
y=11 x=30..42 fg=Some(Rgb(169, 175, 181)) bg=Some(Rgb(13, 17, 23)) add=NONE sub=NONE text="selected skim"
y=11 x=43..59 fg=Some(Rgb(230, 237, 243)) bg=Some(Rgb(13, 17, 23)) add=NONE sub=NONE text="             │  │"
y=12 x=00..03 fg=Some(Rgb(230, 237, 243)) bg=Some(Rgb(13, 17, 23)) add=NONE sub=NONE text="│  │"
y=12 x=04..14 fg=Some(Rgb(169, 175, 181)) bg=Some(Rgb(13, 17, 23)) add=NONE sub=NONE text="and advance"
y=12 x=15..29 fg=Some(Rgb(230, 237, 243)) bg=Some(Rgb(13, 17, 23)) add=NONE sub=NONE text="               "
y=12 x=30..43 fg=Some(Rgb(76, 176, 168)) bg=Some(Rgb(13, 17, 23)) add=NONE sub=NONE text="           A  "
y=12 x=44..54 fg=Some(Rgb(169, 175, 181)) bg=Some(Rgb(13, 17, 23)) add=NONE sub=NONE text="acknowledge"
y=12 x=55..59 fg=Some(Rgb(230, 237, 243)) bg=Some(Rgb(13, 17, 23)) add=NONE sub=NONE text=" │  │"
y=13 x=00..59 fg=Some(Rgb(230, 237, 243)) bg=Some(Rgb(13, 17, 23)) add=NONE sub=NONE text="└──└────────────────────────────────────────────────────┘──┘"
y=14 x=00..59 fg=Some(Rgb(122, 127, 133)) bg=Some(Rgb(13, 17, 23)) add=NONE sub=NONE text="1 files (0/1 viewed, 0 generated/noisy), +1/-1, 0 comments ·"
y=15 x=00..59 fg=Some(Rgb(122, 127, 133)) bg=Some(Rgb(13, 17, 23)) add=NONE sub=NONE text="help · j/k or page keys scroll · esc/q/? close              "
