---
source: src/tui/render.rs
expression: "render_tui_text(&session, &mode, 100, 24)"
---
┌files─────────────────────────────────────┐┌diff──────────────────────────────────────────────────┐
│• ▾ src 0/1                               ││src/app.rs  +1 -1                                     │
│  • mod     app.rs                        ││@@ -1 +1 @@                                           │
│                                          ││1   1 - old                                           │
│                                          ││      ↳ test-tas [draft] [test] [issue] Please add a  │
│        ╭ Review tasks ──────────────────────────────────────────────────────────────────╮        │
│        │› src/app.rs:1 [test] [issue] [draft] Please add a regression test              │        │
│        │                                                                                │        │
│        │↑/↓ or j/k move · enter jump · d cycle state · esc close                        │        │
│        │                                                                                │        │
│        │                                                                                │        │
│        │                                                                                │        │
│        │                                                                                │        │
│        │                                                                                │        │
│        │                                                                                │        │
│        │                                                                                │        │
│        │                                                                                │        │
│        │                                                                                │        │
│        ╰────────────────────────────────────────────────────────────────────────────────╯        │
│                                          ││                                                      │
│                                          ││                                                      │
└──────────────────────────────────────────┘└──────────────────────────────────────────────────────┘
1 files (0/1 viewed, 0 generated/noisy), +1/-1, 2 comments · following @
review tasks · j/k move · enter jump · d cycle state · esc close
