---
source: src/tui/render.rs
expression: rendered
---
 alt-1 help  alt-2 hunk  alt-3 file  alt-4 comment  alt-5 view  alt-6 pane  alt-7 quit
┌files──────────────────────────┐┌diff───────────────────────────────────────────────────────────────────────┐
│• mod     a.rs                 ││a.rs  +1 -1                                                                │
│                               ││@@ -1 +1 @@                                                                │
│                               ││    1 - old                                                                │
│                               ││    1 + new                                                                │
│                               ││                                                                           │
│                               ││                                                                           │
│                               ││                                                                           │
│                               ││                                                                           │
│                               ││                                                                           │
│                               ││                                                                           │
│                               ││                                                                           │
│                               ││                                                                           │
│                               ││                                                                           │
│                               ││                                                                           │
│                               ││                                                                           │
└───────────────────────────────┘└───────────────────────────────────────────────────────────────────────────┘
1 files (0/1 viewed, 0 generated/noisy), +1/-1, 0 comments · following @
trunk()..@ · focus files · j/k move · space fold · f filter · / search · n/N unviewed · enter viewed · tab dif
