---
source: src/tui/render.rs
assertion_line: 2903
expression: "render_tui_style_runs(&session, &Mode::Normal, 130, 12)"
---
y=01 x=01..17 fg=Some(Yellow) bg=Some(Reset) add=BOLD sub=NONE text="src/app.rs  +2 -1"
y=02 x=01..15 fg=Some(Blue) bg=Some(Reset) add=BOLD sub=NONE text="@@ -1,4 +1,5 @@"
y=03 x=01..01 fg=Some(Yellow) bg=Some(Reset) add=NONE sub=NONE text=" "
y=03 x=02..05 fg=Some(DarkGray) bg=Some(Reset) add=NONE sub=NONE text="   1"
y=03 x=07..19 fg=Some(Gray) bg=Some(DarkGray) add=BOLD sub=NONE text="  fn main() {"
y=03 x=64..64 fg=Some(DarkGray) bg=Some(Reset) add=NONE sub=NONE text="│"
y=03 x=65..65 fg=Some(Yellow) bg=Some(Reset) add=NONE sub=NONE text=" "
y=03 x=66..69 fg=Some(DarkGray) bg=Some(Reset) add=NONE sub=NONE text="   1"
y=03 x=71..83 fg=Some(Gray) bg=Some(DarkGray) add=BOLD sub=NONE text="  fn main() {"
y=04 x=01..01 fg=Some(Yellow) bg=Some(Reset) add=NONE sub=NONE text=" "
y=04 x=02..05 fg=Some(DarkGray) bg=Some(Reset) add=NONE sub=NONE text="   2"
y=04 x=07..12 fg=Some(Red) bg=Some(Indexed(52)) add=NONE sub=NONE text="-     "
y=04 x=13..15 fg=Some(Red) bg=Some(Indexed(88)) add=BOLD sub=NONE text="old"
y=04 x=16..18 fg=Some(Red) bg=Some(Indexed(52)) add=NONE sub=NONE text="();"
y=04 x=64..64 fg=Some(DarkGray) bg=Some(Reset) add=NONE sub=NONE text="│"
y=04 x=65..65 fg=Some(Yellow) bg=Some(Reset) add=NONE sub=NONE text=" "
y=04 x=66..69 fg=Some(DarkGray) bg=Some(Reset) add=NONE sub=NONE text="   2"
y=04 x=71..76 fg=Some(Green) bg=Some(Indexed(22)) add=NONE sub=NONE text="+     "
y=04 x=77..79 fg=Some(Green) bg=Some(Indexed(28)) add=BOLD sub=NONE text="new"
y=04 x=80..82 fg=Some(Green) bg=Some(Indexed(22)) add=NONE sub=NONE text="();"
y=05 x=64..64 fg=Some(DarkGray) bg=Some(Reset) add=NONE sub=NONE text="│"
y=05 x=65..65 fg=Some(Yellow) bg=Some(Reset) add=NONE sub=NONE text=" "
y=05 x=66..69 fg=Some(DarkGray) bg=Some(Reset) add=NONE sub=NONE text="   3"
y=05 x=71..84 fg=Some(Green) bg=Some(Indexed(22)) add=NONE sub=NONE text="+     extra();"
y=06 x=01..01 fg=Some(Yellow) bg=Some(Reset) add=NONE sub=NONE text=" "
y=06 x=02..05 fg=Some(DarkGray) bg=Some(Reset) add=NONE sub=NONE text="   3"
y=06 x=07..09 fg=Some(Gray) bg=Some(Reset) add=NONE sub=NONE text="  }"
y=06 x=64..64 fg=Some(DarkGray) bg=Some(Reset) add=NONE sub=NONE text="│"
y=06 x=65..65 fg=Some(Yellow) bg=Some(Reset) add=NONE sub=NONE text=" "
y=06 x=66..69 fg=Some(DarkGray) bg=Some(Reset) add=NONE sub=NONE text="   4"
y=06 x=71..73 fg=Some(Gray) bg=Some(Reset) add=NONE sub=NONE text="  }"
y=10 x=00..129 fg=Some(DarkGray) bg=Some(Reset) add=NONE sub=NONE text="1 files (0/1 viewed, 0 generated/noisy), +2/-1, 0 comments                                                                        "
y=11 x=00..129 fg=Some(DarkGray) bg=Some(Reset) add=NONE sub=NONE text="trunk()..@ · focus diff · j/k line · d/u scroll · r range · c comment · n/N unviewed · tab files · ? help · q quit                "
