---
source: src/tui/render.rs
assertion_line: 4218
expression: "render_tui_text(&session, &mode, 100, 24)"
---
┌files─────────────────────────────────────┐┌diff──────────────────────────────────────────────────┐
│No changed files                          ││No changed files                                      │
│                                          ││                                                      │
│Try t for trunk, p for parent, b for      ││Current target: trunk()..@                            │
│target chooser, or adjust                 ││                                                      │
│--base/--rev/--ignore.                    ││Use t for launch target, p for @-..@, b for chooser,  │
│                                          ││or pass --base/--rev.                                 │
│                                          ││If files disappeared unexpectedly, check --ignore     │
│              ┌revsets─────────────────────────────────────────────────────────────┐              │
│              │Review an arbitrary revset range (jj revset syntax)                 │              │
│              │                                                                    │              │
│              │  base: trunk()                                                     │              │
│              │›  tip: @                                                           │              │
│              │                                                                    │              │
│              │type revset · tab/↑/↓ switch field · enter load · esc cancel        │              │
│              └────────────────────────────────────────────────────────────────────┘              │
│                                          ││                                                      │
│                                          ││                                                      │
│                                          ││                                                      │
│                                          ││                                                      │
│                                          ││                                                      │
└──────────────────────────────────────────┘└──────────────────────────────────────────────────────┘
0 files (0/0 viewed, 0 generated/noisy), +0/-0, 0 comments · following @
revset target · type revset · tab/↑/↓ switch field · enter load · esc cancel
