---
source: src/tui/render.rs
expression: "render_tui_text(&session, &mode, 100, 24)"
---
┌files───────────────────────┐┌diff────────────────────────────────────────────────────────────────┐
│No changed files            ││No changed files                                                    │
│                            ││                                                                    │
│Try t for trunk, p for      ││Current target: trunk()..@                                          │
│parent, b for target        ││                                                                    │
│chooser, or adjust          ││Use t for launch target, p for @-..@, b for chooser, or pass        │
│--base/--rev/--ignore.      ││--base/--rev.                                                       │
│                            ││If files disappeared unexpectedly, check --ignore filters.          │
│              ┌revsets─────────────────────────────────────────────────────────────┐              │
│              │Review an arbitrary revset range (jj revset syntax)                 │              │
│              │                                                                    │              │
│              │  base: trunk()                                                     │              │
│              │›  tip: @                                                           │              │
│              │                                                                    │              │
│              │type revset · tab/↑/↓ switch field · enter load · esc cancel        │              │
│              └────────────────────────────────────────────────────────────────────┘              │
│                            ││                                                                    │
│                            ││                                                                    │
│                            ││                                                                    │
│                            ││                                                                    │
│                            ││                                                                    │
└────────────────────────────┘└────────────────────────────────────────────────────────────────────┘
0 files (0/0 viewed, 0 generated/noisy), +0/-0, 0 comments · following @
revset target · refresh paused · type revset · tab/↑/↓ switch field · enter load · esc cancel
