---
source: src/tui/render.rs
assertion_line: 4480
expression: "render_tui_text_with_zen(&session, &Mode::Normal, Some(&zen), 100, 24)"
---
┌ zen · stop 1/1 · then 1 at a glance ─────────────────────────────────────────────────────────────┐
│▎●                                                                                                │
│core change  src/app.rs:2-3                                                                       │
│                                                                                                  │
│                                                                                                  │
│                        ╭ core change · src/app.rs:2-3 · e 1 artifact(s) ╮                        │
│                        │    1   fn main() {                             │                        │
│                        │    2 -     old();                              │                        │
│                        │    ╭ startup output · output ─────────────╮    │                        │
│                        │    │ $ cargo run                          │    │                        │
│                        │    │ new: ready                           │    │                        │
│                        │ why│ extra: ready                         │────│                        │
│                        │ mai│                                      │he  │                        │
│                        │ old╰ j/k scroll · esc close ──────────────╯    │                        │
│                        │ caller that relied on old() firing once must   │                        │
│                        │ be re-checked.                                 │                        │
│                        ╰────────────────────────────────────────────────╯                        │
│                                                                                                  │
│                                                                                                  │
│                                                                                                  │
│                                                                                                  │
└──────────────────────────────────────────────────────────────────────────────────────────────────┘
2 files (0/2 viewed, 0 generated/noisy), +3/-2, 0 comments
zen artifact 1/1 · j/k scroll · h/l switch · esc close
