---
source: src/tui/render.rs
assertion_line: 6889
expression: "render_tui_style_runs(&session, &Mode::Normal, 80, 12)"
---
y=00 x=00..79 fg=Some(Rgb(240, 246, 252)) bg=Some(Reset) add=NONE sub=NONE text="┌diff · src/app.rs─────────────────────────────────────────────────────────────┐"
y=01 x=00..00 fg=Some(Rgb(240, 246, 252)) bg=Some(Reset) add=NONE sub=NONE text="│"
y=01 x=01..17 fg=Some(Rgb(210, 153, 34)) bg=Some(Reset) add=BOLD sub=NONE text="src/app.rs  +1 -1"
y=01 x=18..79 fg=Some(Rgb(240, 246, 252)) bg=Some(Reset) add=NONE sub=NONE text="                                                             │"
y=02 x=00..00 fg=Some(Rgb(240, 246, 252)) bg=Some(Reset) add=NONE sub=NONE text="│"
y=02 x=01..15 fg=Some(Rgb(88, 166, 255)) bg=Some(Reset) add=BOLD sub=NONE text="@@ -1,3 +1,3 @@"
y=02 x=16..79 fg=Some(Rgb(240, 246, 252)) bg=Some(Reset) add=NONE sub=NONE text="                                                               │"
y=03 x=00..00 fg=Some(Rgb(240, 246, 252)) bg=Some(Reset) add=NONE sub=NONE text="│"
y=03 x=01..01 fg=Some(Rgb(210, 153, 34)) bg=Some(Reset) add=NONE sub=NONE text=" "
y=03 x=02..05 fg=Some(Rgb(127, 132, 138)) bg=Some(Reset) add=NONE sub=NONE text="   1"
y=03 x=06..06 fg=Some(Rgb(240, 246, 252)) bg=Some(Reset) add=NONE sub=NONE text=" "
y=03 x=07..19 fg=Some(Rgb(167, 173, 179)) bg=Some(Rgb(56, 47, 25)) add=BOLD sub=NONE text="  fn main() {"
y=03 x=20..79 fg=Some(Rgb(240, 246, 252)) bg=Some(Reset) add=NONE sub=NONE text="                                                           │"
y=04 x=00..00 fg=Some(Rgb(240, 246, 252)) bg=Some(Reset) add=NONE sub=NONE text="│"
y=04 x=01..01 fg=Some(Rgb(210, 153, 34)) bg=Some(Reset) add=NONE sub=NONE text=" "
y=04 x=02..05 fg=Some(Rgb(127, 132, 138)) bg=Some(Reset) add=NONE sub=NONE text="   2"
y=04 x=06..06 fg=Some(Rgb(240, 246, 252)) bg=Some(Reset) add=NONE sub=NONE text=" "
y=04 x=07..12 fg=Some(Rgb(248, 81, 73)) bg=Some(Rgb(48, 27, 31)) add=NONE sub=NONE text="-     "
y=04 x=13..15 fg=Some(Rgb(248, 81, 73)) bg=Some(Rgb(58, 30, 33)) add=BOLD sub=NONE text="old"
y=04 x=16..18 fg=Some(Rgb(248, 81, 73)) bg=Some(Rgb(48, 27, 31)) add=NONE sub=NONE text="();"
y=04 x=19..79 fg=Some(Rgb(240, 246, 252)) bg=Some(Reset) add=NONE sub=NONE text="                                                            │"
y=05 x=00..00 fg=Some(Rgb(240, 246, 252)) bg=Some(Reset) add=NONE sub=NONE text="│"
y=05 x=01..01 fg=Some(Rgb(210, 153, 34)) bg=Some(Reset) add=NONE sub=NONE text=" "
y=05 x=02..05 fg=Some(Rgb(127, 132, 138)) bg=Some(Reset) add=NONE sub=NONE text="   2"
y=05 x=06..06 fg=Some(Rgb(240, 246, 252)) bg=Some(Reset) add=NONE sub=NONE text=" "
y=05 x=07..12 fg=Some(Rgb(63, 185, 80)) bg=Some(Rgb(21, 42, 32)) add=NONE sub=NONE text="+     "
y=05 x=13..15 fg=Some(Rgb(63, 185, 80)) bg=Some(Rgb(27, 65, 40)) add=BOLD sub=NONE text="new"
y=05 x=16..18 fg=Some(Rgb(63, 185, 80)) bg=Some(Rgb(21, 42, 32)) add=NONE sub=NONE text="();"
y=05 x=19..79 fg=Some(Rgb(240, 246, 252)) bg=Some(Reset) add=NONE sub=NONE text="                                                            │"
y=06 x=00..00 fg=Some(Rgb(240, 246, 252)) bg=Some(Reset) add=NONE sub=NONE text="│"
y=06 x=01..01 fg=Some(Rgb(210, 153, 34)) bg=Some(Reset) add=NONE sub=NONE text=" "
y=06 x=02..05 fg=Some(Rgb(127, 132, 138)) bg=Some(Reset) add=NONE sub=NONE text="   3"
y=06 x=06..06 fg=Some(Rgb(240, 246, 252)) bg=Some(Reset) add=NONE sub=NONE text=" "
y=06 x=07..09 fg=Some(Rgb(167, 173, 179)) bg=Some(Reset) add=NONE sub=NONE text="  }"
y=06 x=10..79 fg=Some(Rgb(240, 246, 252)) bg=Some(Reset) add=NONE sub=NONE text="                                                                     │"
y=07 x=00..79 fg=Some(Rgb(240, 246, 252)) bg=Some(Reset) add=NONE sub=NONE text="│                                                                              │"
y=08 x=00..79 fg=Some(Rgb(240, 246, 252)) bg=Some(Reset) add=NONE sub=NONE text="│                                                                              │"
y=09 x=00..79 fg=Some(Rgb(240, 246, 252)) bg=Some(Reset) add=NONE sub=NONE text="└──────────────────────────────────────────────────────────────────────────────┘"
y=10 x=00..79 fg=Some(Rgb(127, 132, 138)) bg=Some(Reset) add=NONE sub=NONE text="1 files (0/1 viewed, 0 generated/noisy), +1/-1, 0 comments · following @        "
y=11 x=00..79 fg=Some(Rgb(127, 132, 138)) bg=Some(Reset) add=NONE sub=NONE text="trunk()..@ · focus diff (wrap) · j/k line · d/u scroll · V view/wrap · r range ·"
