---
source: src/tui/render.rs
expression: "render_tui_style_runs(&session, &Mode::Normal, 130, 12)"
---
y=00 x=00..129 fg=Some(Rgb(230, 237, 243)) bg=Some(Reset) add=NONE sub=NONE text="┌diff · src/app.rs───────────────────────────────────────────────────────────────────────────────────────────────────────────────┐"
y=01 x=00..00 fg=Some(Rgb(230, 237, 243)) bg=Some(Reset) add=NONE sub=NONE text="│"
y=01 x=01..17 fg=Some(Rgb(210, 153, 34)) bg=Some(Reset) add=BOLD sub=NONE text="src/app.rs  +2 -1"
y=01 x=18..129 fg=Some(Rgb(230, 237, 243)) bg=Some(Reset) add=NONE sub=NONE text="                                                                                                               │"
y=02 x=00..00 fg=Some(Rgb(230, 237, 243)) bg=Some(Reset) add=NONE sub=NONE text="│"
y=02 x=01..15 fg=Some(Rgb(88, 166, 255)) bg=Some(Reset) add=BOLD sub=NONE text="@@ -1,4 +1,5 @@"
y=02 x=16..129 fg=Some(Rgb(230, 237, 243)) bg=Some(Reset) add=NONE sub=NONE text="                                                                                                                 │"
y=03 x=00..00 fg=Some(Rgb(230, 237, 243)) bg=Some(Reset) add=NONE sub=NONE text="│"
y=03 x=01..01 fg=Some(Rgb(210, 153, 34)) bg=Some(Reset) add=NONE sub=NONE text=" "
y=03 x=02..05 fg=Some(Rgb(122, 127, 133)) bg=Some(Reset) add=NONE sub=NONE text="   1"
y=03 x=06..06 fg=Some(Rgb(230, 237, 243)) bg=Some(Reset) add=NONE sub=NONE text=" "
y=03 x=07..19 fg=Some(Rgb(169, 175, 181)) bg=Some(Rgb(48, 52, 58)) add=BOLD sub=NONE text="  fn main() {"
y=03 x=20..63 fg=Some(Rgb(230, 237, 243)) bg=Some(Reset) add=NONE sub=NONE text="                                            "
y=03 x=64..64 fg=Some(Rgb(122, 127, 133)) bg=Some(Reset) add=NONE sub=NONE text="│"
y=03 x=65..65 fg=Some(Rgb(210, 153, 34)) bg=Some(Reset) add=NONE sub=NONE text=" "
y=03 x=66..69 fg=Some(Rgb(122, 127, 133)) bg=Some(Reset) add=NONE sub=NONE text="   1"
y=03 x=70..70 fg=Some(Rgb(230, 237, 243)) bg=Some(Reset) add=NONE sub=NONE text=" "
y=03 x=71..83 fg=Some(Rgb(169, 175, 181)) bg=Some(Rgb(48, 52, 58)) add=BOLD sub=NONE text="  fn main() {"
y=03 x=84..129 fg=Some(Rgb(230, 237, 243)) bg=Some(Reset) add=NONE sub=NONE text="                                             │"
y=04 x=00..00 fg=Some(Rgb(230, 237, 243)) bg=Some(Reset) add=NONE sub=NONE text="│"
y=04 x=01..01 fg=Some(Rgb(210, 153, 34)) bg=Some(Reset) add=NONE sub=NONE text=" "
y=04 x=02..05 fg=Some(Rgb(122, 127, 133)) bg=Some(Reset) add=NONE sub=NONE text="   2"
y=04 x=06..06 fg=Some(Rgb(230, 237, 243)) bg=Some(Reset) add=NONE sub=NONE text=" "
y=04 x=07..12 fg=Some(Rgb(248, 81, 73)) bg=Some(Rgb(48, 27, 31)) add=NONE sub=NONE text="-     "
y=04 x=13..15 fg=Some(Rgb(230, 237, 243)) bg=Some(Rgb(107, 43, 43)) add=BOLD sub=NONE text="old"
y=04 x=16..18 fg=Some(Rgb(248, 81, 73)) bg=Some(Rgb(48, 27, 31)) add=NONE sub=NONE text="();"
y=04 x=19..63 fg=Some(Rgb(230, 237, 243)) bg=Some(Reset) add=NONE sub=NONE text="                                             "
y=04 x=64..64 fg=Some(Rgb(122, 127, 133)) bg=Some(Reset) add=NONE sub=NONE text="│"
y=04 x=65..65 fg=Some(Rgb(210, 153, 34)) bg=Some(Reset) add=NONE sub=NONE text=" "
y=04 x=66..69 fg=Some(Rgb(122, 127, 133)) bg=Some(Reset) add=NONE sub=NONE text="   2"
y=04 x=70..70 fg=Some(Rgb(230, 237, 243)) bg=Some(Reset) add=NONE sub=NONE text=" "
y=04 x=71..76 fg=Some(Rgb(63, 185, 80)) bg=Some(Rgb(21, 42, 32)) add=NONE sub=NONE text="+     "
y=04 x=77..79 fg=Some(Rgb(230, 237, 243)) bg=Some(Rgb(33, 84, 46)) add=BOLD sub=NONE text="new"
y=04 x=80..82 fg=Some(Rgb(63, 185, 80)) bg=Some(Rgb(21, 42, 32)) add=NONE sub=NONE text="();"
y=04 x=83..129 fg=Some(Rgb(230, 237, 243)) bg=Some(Reset) add=NONE sub=NONE text="                                              │"
y=05 x=00..63 fg=Some(Rgb(230, 237, 243)) bg=Some(Reset) add=NONE sub=NONE text="│                                                               "
y=05 x=64..64 fg=Some(Rgb(122, 127, 133)) bg=Some(Reset) add=NONE sub=NONE text="│"
y=05 x=65..65 fg=Some(Rgb(210, 153, 34)) bg=Some(Reset) add=NONE sub=NONE text=" "
y=05 x=66..69 fg=Some(Rgb(122, 127, 133)) bg=Some(Reset) add=NONE sub=NONE text="   3"
y=05 x=70..70 fg=Some(Rgb(230, 237, 243)) bg=Some(Reset) add=NONE sub=NONE text=" "
y=05 x=71..84 fg=Some(Rgb(63, 185, 80)) bg=Some(Rgb(21, 42, 32)) add=NONE sub=NONE text="+     extra();"
y=05 x=85..129 fg=Some(Rgb(230, 237, 243)) bg=Some(Reset) add=NONE sub=NONE text="                                            │"
y=06 x=00..00 fg=Some(Rgb(230, 237, 243)) bg=Some(Reset) add=NONE sub=NONE text="│"
y=06 x=01..01 fg=Some(Rgb(210, 153, 34)) bg=Some(Reset) add=NONE sub=NONE text=" "
y=06 x=02..05 fg=Some(Rgb(122, 127, 133)) bg=Some(Reset) add=NONE sub=NONE text="   3"
y=06 x=06..06 fg=Some(Rgb(230, 237, 243)) bg=Some(Reset) add=NONE sub=NONE text=" "
y=06 x=07..09 fg=Some(Rgb(169, 175, 181)) bg=Some(Reset) add=NONE sub=NONE text="  }"
y=06 x=10..63 fg=Some(Rgb(230, 237, 243)) bg=Some(Reset) add=NONE sub=NONE text="                                                      "
y=06 x=64..64 fg=Some(Rgb(122, 127, 133)) bg=Some(Reset) add=NONE sub=NONE text="│"
y=06 x=65..65 fg=Some(Rgb(210, 153, 34)) bg=Some(Reset) add=NONE sub=NONE text=" "
y=06 x=66..69 fg=Some(Rgb(122, 127, 133)) bg=Some(Reset) add=NONE sub=NONE text="   4"
y=06 x=70..70 fg=Some(Rgb(230, 237, 243)) bg=Some(Reset) add=NONE sub=NONE text=" "
y=06 x=71..73 fg=Some(Rgb(169, 175, 181)) bg=Some(Reset) add=NONE sub=NONE text="  }"
y=06 x=74..129 fg=Some(Rgb(230, 237, 243)) bg=Some(Reset) add=NONE sub=NONE text="                                                       │"
y=07 x=00..129 fg=Some(Rgb(230, 237, 243)) bg=Some(Reset) add=NONE sub=NONE text="│                                                                                                                                │"
y=08 x=00..129 fg=Some(Rgb(230, 237, 243)) bg=Some(Reset) add=NONE sub=NONE text="│                                                                                                                                │"
y=09 x=00..129 fg=Some(Rgb(230, 237, 243)) bg=Some(Reset) add=NONE sub=NONE text="└────────────────────────────────────────────────────────────────────────────────────────────────────────────────────────────────┘"
y=10 x=00..129 fg=Some(Rgb(122, 127, 133)) bg=Some(Reset) add=NONE sub=NONE text="1 files (0/1 viewed, 0 generated/noisy), +2/-1, 0 comments · following @                                                          "
y=11 x=00..129 fg=Some(Rgb(122, 127, 133)) bg=Some(Reset) add=NONE sub=NONE text="trunk()..@ · focus diff (wrap) · j/k line · d/u scroll · V view/wrap · r range · Y walkthrough · c comment · ctrl-y handoff · n/N "
