---
source: src/tui/render.rs
expression: "render_tui_text_with_zen(&session, &Mode::Normal, Some(&zen), 100, 24)"
---

         stop 1/1 · src/app.rs:2-3 · ch 1/2

         ╭──────────────────────────────────────────────────────────────────────╮
         │agent:agent  [→ reviewer]  [walkthrough]  [spotlight]                 │
         │core change                                                           │
         │@ src/app.rs:2-3                                                      │
         │why: start here                                                       │
         │body: main() now cal╭ startup output · output ─────────────╮le-call co│
         │ntract is gone, so e│ $ cargo run                          │once must │
         │be re-checked.      │ new: ready                           │          │
         │e expand 1 artifact(│ extra: ready                         │          │
         ╰────────────────────│                                      │──────────╯
                              ╰ j/k scroll · esc/q close ────────────╯
             2 -     old();
             2 +     new();
           … 2 more lines through 3 — j/k
         ────────────────────────────────────────────────────────────────────────




2 files (0/2 viewed, 0 generated/noisy), +3/-2, 0 comments · following @
zen artifact 1/1 · j/k scroll · h/l switch · esc/q close
