---
source: src/tui/render.rs
expression: "render_tui_text(&session, &mode, 100, 24)"
---
┌files───────────────────────┐┌diff────────────────────────────────────────────────────────────────┐
│No changed files            ││No changed files                                                    │
│                            ││                                                                    │
│Try t for trunk, p for      ││Current target: trunk()..@                                          │
│parent, b for target        ││                                                                    │
│chooser, ┌prior operations──────────────────────────────────────────────────────────────┐s        │
│--base/--│Compare against a prior operation: unchanged files are marked caught up       │         │
│         │› abc123def     5 minutes ago     snapshot working copy                       │         │
│         │  456fed789     2 hours ago       commit working copy                         │         │
│         │                                                                              │         │
│         │select an operation to preview catch-up                                       │         │
│         │j/k move · enter apply · esc cancel                                           │         │
│         │                                                                              │         │
│         │                                                                              │         │
│         │                                                                              │         │
│         │                                                                              │         │
│         │                                                                              │         │
│         │                                                                              │         │
│         └──────────────────────────────────────────────────────────────────────────────┘         │
│                            ││                                                                    │
│                            ││                                                                    │
└────────────────────────────┘└────────────────────────────────────────────────────────────────────┘
0 files (0/0 viewed, 0 generated/noisy), +0/-0, 0 comments · following @
prior operation · refresh paused · j/k move · enter apply · esc cancel
