---
source: src/tui/render.rs
expression: "render_tui_text_with_zen(&session, &Mode::Normal, Some(&zen), 100, 20)"
---
┌diff · src/app.rs─────────────────────────────────────────────────────────────────────────────────┐
│src/app.rs  +2 -1                                                                                 │
│@@ -1,4 +1,5 @@                                                                                   │
│    1   fn main() {                                                                               │
│    2 -     old();                                                                                │
│    2 +     new();                                                                                │
│    3 +     extra();                                                                              │
│╭────────────────────────────────────────────────────────────────────────────────────────────────╮│
││agent:agent  [→ reviewer]  [walkthrough]  [spotlight]                                           ││
││core change                                                                                     ││
┌zen spotlight 1/1 · 1 glance──────────────────────────────────────────────────────────────────────┐
│core change  src/app.rs:2-3                                                                       │
│start here                                                                                        │
│glance rail  test churn @ tests/app.rs:1-1                                                        │
│                                                                                                  │
│n next (marks viewed) · p back · . refocus · tab focus card · esc end · comment/flag/expand as    │
│normal                                                                                            │
└──────────────────────────────────────────────────────────────────────────────────────────────────┘
2 files (0/2 viewed, 0 generated/noisy), +3/-2, 0 comments · following @
zen read 1/1 · n next · p back · . refocus · tab focus card · esc end · other keys as normal
