---
source: src/tui/render.rs
assertion_line: 3108
expression: "render_tui_style_runs(&session, &Mode::Normal, 100, 12)"
---
y=01 x=01..01 fg=Some(Green) bg=Some(Reset) add=NONE sub=NONE text="•"
y=01 x=05..07 fg=Some(Yellow) bg=Some(Reset) add=BOLD sub=NONE text="src"
y=01 x=08..11 fg=Some(DarkGray) bg=Some(Reset) add=NONE sub=NONE text=" 0/1"
y=01 x=45..61 fg=Some(Yellow) bg=Some(Reset) add=BOLD sub=NONE text="src/app.rs  +1 -1"
y=02 x=01..02 fg=Some(Reset) bg=Some(DarkGray) add=BOLD sub=NONE text="  "
y=02 x=03..03 fg=Some(Green) bg=Some(DarkGray) add=BOLD sub=NONE text="•"
y=02 x=04..04 fg=Some(Reset) bg=Some(DarkGray) add=BOLD sub=NONE text=" "
y=02 x=05..07 fg=Some(Cyan) bg=Some(DarkGray) add=BOLD sub=NONE text="mod"
y=02 x=08..08 fg=Some(Reset) bg=Some(DarkGray) add=BOLD sub=NONE text=" "
y=02 x=09..12 fg=Some(Magenta) bg=Some(DarkGray) add=BOLD sub=NONE text="    "
y=02 x=13..18 fg=Some(White) bg=Some(DarkGray) add=BOLD sub=NONE text="app.rs"
y=02 x=19..42 fg=Some(Reset) bg=Some(DarkGray) add=BOLD sub=NONE text="                        "
y=02 x=45..59 fg=Some(Blue) bg=Some(Reset) add=BOLD sub=NONE text="@@ -1,3 +1,3 @@"
y=03 x=45..45 fg=Some(Yellow) bg=Some(Reset) add=NONE sub=NONE text=" "
y=03 x=46..49 fg=Some(DarkGray) bg=Some(Reset) add=NONE sub=NONE text="   1"
y=03 x=51..63 fg=Some(Gray) bg=Some(Reset) add=NONE sub=NONE text="  fn main() {"
y=04 x=45..45 fg=Some(Yellow) bg=Some(Reset) add=NONE sub=NONE text=" "
y=04 x=46..49 fg=Some(DarkGray) bg=Some(Reset) add=NONE sub=NONE text="   2"
y=04 x=51..56 fg=Some(Red) bg=Some(Rgb(48, 27, 31)) add=NONE sub=NONE text="-     "
y=04 x=57..59 fg=Some(Red) bg=Some(Rgb(107, 43, 43)) add=BOLD sub=NONE text="old"
y=04 x=60..62 fg=Some(Red) bg=Some(Rgb(48, 27, 31)) add=NONE sub=NONE text="();"
y=05 x=45..45 fg=Some(Yellow) bg=Some(Reset) add=NONE sub=NONE text=" "
y=05 x=46..49 fg=Some(DarkGray) bg=Some(Reset) add=NONE sub=NONE text="   2"
y=05 x=51..56 fg=Some(Green) bg=Some(Rgb(18, 38, 30)) add=NONE sub=NONE text="+     "
y=05 x=57..59 fg=Some(Green) bg=Some(Rgb(26, 74, 41)) add=BOLD sub=NONE text="new"
y=05 x=60..62 fg=Some(Green) bg=Some(Rgb(18, 38, 30)) add=NONE sub=NONE text="();"
y=06 x=45..45 fg=Some(Yellow) bg=Some(Reset) add=NONE sub=NONE text=" "
y=06 x=46..49 fg=Some(DarkGray) bg=Some(Reset) add=NONE sub=NONE text="   3"
y=06 x=51..53 fg=Some(Gray) bg=Some(Reset) add=NONE sub=NONE text="  }"
y=10 x=00..99 fg=Some(DarkGray) bg=Some(Reset) add=NONE sub=NONE text="1 files (0/1 viewed, 0 generated/noisy), +1/-1, 0 comments                                          "
y=11 x=00..99 fg=Some(DarkGray) bg=Some(Reset) add=NONE sub=NONE text="trunk()..@ · focus files · j/k move · space fold · f filter · / search · n/N unviewed · enter viewed"
