---
source: src/tui/render.rs
expression: "render_tui_text_with_zen(&session, &Mode::Normal, Some(&zen), 80, 24)"
---

  stop 1/1 · src/deeply/…port/retry_policy.rs:2-3 · ch 1/2

  ╭──────────────────────────────────────────────────────────────────────╮
  │agent:agent  [→ reviewer]  [walkthrough]  [spotlight]                 │
  │very long generated client compatibility migration with unusually verb│
  │ose title                                                             │
  │@ src/deeply/nested/generated/client/compatibility/transport/retry_pol│
  │icy.rs:2-3                                                            │
  │why: start here                                                       │
  │body: main() now calls new() and adds extra() — the old single-call co│
  │ntract is gone, so every caller that relied on old() firing once must │
  │be re-checked.                                                        │
  │e expand 1 artifact(s): startup output                                │
  ╰──────────────────────────────────────────────────────────────────────╯

      2 -     old();
      2 +     new();
    … 2 more lines through 3 — j/k
  ────────────────────────────────────────────────────────────────────────


2 files (0/2 viewed, 0 generated/noisy), +3/-2, 0 comments · following @
zen 1/1 · n next (marks viewed) · p back · j/k lines · . refocus · tab full diff
