---
source: src/tui/render.rs
expression: "render_tui_text(&session, &mode, 100, 24)"
---
┌files───────────────────────┐┌diff────────────────────────────────────────────────────────────────┐
│• ▾ src 0/1                 ││src/app.rs  +1 -1                                                   │
│  • mod     app.rs          ││@@ -1 +1 @@                                                         │
│                            ││    1 - old                                                         │
│                            ││    1 + new                                                         │
│                            ││                                                                    │
│                            ││                                                                    │
│              ┌comment → note · src/app.rs:1───────────────────────────────────────┐              │
│              │Looks good                                                          │              │
│              │except this line                                                    │              │
│              │                                                                    │              │
│              │                                                                    │              │
│              │                                                                    │              │
│              │                                                                    │              │
│              │                                                                    │              │
│              │                                                                    │              │
│              └tab channel · ctrl-s save · esc cancel──────────────────────────────┘              │
│                            ││                                                                    │
│                            ││                                                                    │
│                            ││                                                                    │
│                            ││                                                                    │
└────────────────────────────┘└────────────────────────────────────────────────────────────────────┘
1 files (0/1 viewed, 0 generated/noisy), +1/-1, 0 comments · following @
new comment → note · refresh paused · tab channel · enter newline · ctrl-s save · esc cancel
