---
source: src/tui.rs
assertion_line: 1674
expression: "render_tui_text(&session, &mode, 100, 24)"
---
┌files─────────────────────────────────────┐┌diff──────────────────────────────────────────────────┐
│No changed files                          ││No changed files                                      │
│                                          ││                                                      │
│Try t for trunk, p for parent, b for      ││Current target: trunk()..@                            │
│target ┌target────────────────────────────────────────────────────────────────────────────┐       │
│--base/│Choose base for base..@ (tip is @)                                                │r, or  │
│       │change id      bookmarks                 description                              │       │
│       │  abc123       main                      feat: first change                       │re     │
│       │› def456       feature*                  fix: selected change                     │       │
│       │                                                                                  │       │
│       │↑/↓ move · g/G top/bottom · enter use selected change as base · esc cancel        │       │
│       │                                                                                  │       │
│       │                                                                                  │       │
│       │                                                                                  │       │
│       │                                                                                  │       │
│       │                                                                                  │       │
│       │                                                                                  │       │
│       │                                                                                  │       │
│       │                                                                                  │       │
│       └──────────────────────────────────────────────────────────────────────────────────┘       │
│                                          ││                                                      │
└──────────────────────────────────────────┘└──────────────────────────────────────────────────────┘
0 files (0/0 viewed, 0 generated/noisy), +0/-0, 0 comments
choose base for base..@ · ↑/↓ move · g/G top/bottom · enter load · esc cancel
